 INFO -       node.base - /home/asa/devel/libresolid-studio/projects/3D-Printers/Prusa3-vanilla/_build/simulation/frame-Frame-d0b50e064a4f.scad generated with 1788992990.1581445!
 INFO -       node.base - /home/asa/devel/libresolid-studio/projects/3D-Printers/Prusa3-vanilla/_build/simulation/flexibles-Spring,length=9.1,radius=3.2,turns=5.0,wire=0.8-ed9f2237253a.scad generated with 1788992492.1258407!
 INFO -       node.base - /home/asa/devel/libresolid-studio/projects/3D-Printers/Prusa3-vanilla/_build/simulation/flexibles-Spring,length=9.1,radius=3.2,turns=5.0,wire=0.8-ed9f2237253a.scad generated with 1788992492.1258407!
 INFO -       node.base - /home/asa/devel/libresolid-studio/projects/3D-Printers/Prusa3-vanilla/_build/simulation/flexibles-Spring,length=9.1,radius=3.2,turns=5.0,wire=0.8-ed9f2237253a.scad generated with 1788992492.1258407!
 INFO -       node.base - /home/asa/devel/libresolid-studio/projects/3D-Printers/Prusa3-vanilla/_build/simulation/flexibles-Spring,length=9.1,radius=3.2,turns=5.0,wire=0.8-ed9f2237253a.scad generated with 1788992492.1258407!
 INFO -       node.base - /home/asa/devel/libresolid-studio/projects/3D-Printers/Prusa3-vanilla/_build/simulation/bed-YCarriage-0332dcdb08cc.scad generated with 1788993239.4949522!
 INFO -       node.base - /home/asa/devel/libresolid-studio/projects/3D-Printers/Prusa3-vanilla/_build/simulation/belts-YBelt-1a935d8bd03c.scad generated with 1788992982.3138878!
 INFO -       node.base - /home/asa/devel/libresolid-studio/projects/3D-Printers/Prusa3-vanilla/_build/simulation/yaxis-YAxis-e15233bcb0e9.scad generated with 1788994173.5078132!
 INFO -       node.base - /home/asa/devel/libresolid-studio/projects/3D-Printers/Prusa3-vanilla/_build/simulation/endstop-ZEndstop-28e38307780b.scad generated with 1788992990.1581445!
 INFO -       node.base - /home/asa/devel/libresolid-studio/projects/3D-Printers/Prusa3-vanilla/_build/simulation/zaxis-ZSide,left=True-37e8d42c5a53.scad generated with 1788992990.1581445!
 INFO -       node.base - /home/asa/devel/libresolid-studio/projects/3D-Printers/Prusa3-vanilla/_build/simulation/zaxis-ZSide,left=False-738a968f9367.scad generated with 1788992990.1581445!
 INFO -       node.base - /home/asa/devel/libresolid-studio/projects/3D-Printers/Prusa3-vanilla/_build/simulation/belts-XBelt-919d93774f48.scad generated with 1788992982.3138878!
 INFO -       node.base - /home/asa/devel/libresolid-studio/projects/3D-Printers/Prusa3-vanilla/_build/simulation/flexibles-Spring,length=7.4,radius=2.6,turns=6.0,wire=0.6-cd6d46d63dc3.scad generated with 1788992492.1258407!
 INFO -       node.base - /home/asa/devel/libresolid-studio/projects/3D-Printers/Prusa3-vanilla/_build/simulation/flexibles-Spring,length=7.4,radius=2.6,turns=6.0,wire=0.6-cd6d46d63dc3.scad generated with 1788992492.1258407!
 INFO -       node.base - /home/asa/devel/libresolid-studio/projects/3D-Printers/Prusa3-vanilla/_build/simulation/hotend-JHead-aafe9153d255.scad generated with 1788687394.3930602!
 INFO -       node.base - /home/asa/devel/libresolid-studio/projects/3D-Printers/Prusa3-vanilla/_build/simulation/extruder-Extruder-b03fed53f251.scad generated with 1788994167.4986193!
 INFO -       node.base - /home/asa/devel/libresolid-studio/projects/3D-Printers/Prusa3-vanilla/_build/simulation/xaxis-XCarriage-52a9ea2f44d6.scad generated with 1788994173.5078132!
 INFO -       node.base - /home/asa/devel/libresolid-studio/projects/3D-Printers/Prusa3-vanilla/_build/simulation/xaxis-XAxis-656692fc6573.scad generated with 1788994173.5078132!
 INFO -       node.base - /home/asa/devel/libresolid-studio/projects/3D-Printers/Prusa3-vanilla/_build/simulation/flexibles-Filament-0a9066fa6acd.scad generated with 1788992492.1258407!
 INFO -       node.base - /home/asa/devel/libresolid-studio/projects/3D-Printers/Prusa3-vanilla/_build/simulation/prusa_i3-PrusaI3-440ce24860d0.scad generated with 1788994173.5078132!
