 INFO -       node.base - /home/asa/devel/libresolid-studio/projects/3D-Printers/Metamaquina2/_build/metamaquina2/frame/panels/rod_ends/rod_ends-RodEnds-de315916f7e5.scad generated with 1788820489.9604833!
 INFO -       node.base - /home/asa/devel/libresolid-studio/projects/3D-Printers/Metamaquina2/_build/metamaquina2/frame/panels/panels-Panels-d010ff390617.scad generated with 1788820489.9604833!
 INFO -       node.base - /home/asa/devel/libresolid-studio/projects/3D-Printers/Metamaquina2/_build/metamaquina2/frame/tslot_bolt-TSlotBolt,flipped=False,length=16.0-27c9c93bcd7a.scad generated with 1788820489.9604833!
 INFO -       node.base - /home/asa/devel/libresolid-studio/projects/3D-Printers/Metamaquina2/_build/metamaquina2/frame/tslot_bolt-TSlotBolt,flipped=False,length=16.0-27c9c93bcd7a.scad generated with 1788820489.9604833!
 INFO -       node.base - /home/asa/devel/libresolid-studio/projects/3D-Printers/Metamaquina2/_build/metamaquina2/frame/tslot_bolt-TSlotBolt,flipped=False,length=16.0-27c9c93bcd7a.scad generated with 1788820489.9604833!
 INFO -       node.base - /home/asa/devel/libresolid-studio/projects/3D-Printers/Metamaquina2/_build/metamaquina2/frame/tslot_bolt-TSlotBolt,flipped=False,length=16.0-27c9c93bcd7a.scad generated with 1788820489.9604833!
 INFO -       node.base - /home/asa/devel/libresolid-studio/projects/3D-Printers/Metamaquina2/_build/metamaquina2/frame/tslot_bolt-TSlotBolt,flipped=True,length=16.0-13fe0779f556.scad generated with 1788820489.9604833!
 INFO -       node.base - /home/asa/devel/libresolid-studio/projects/3D-Printers/Metamaquina2/_build/metamaquina2/frame/tslot_bolt-TSlotBolt,flipped=True,length=16.0-13fe0779f556.scad generated with 1788820489.9604833!
 INFO -       node.base - /home/asa/devel/libresolid-studio/projects/3D-Printers/Metamaquina2/_build/metamaquina2/frame/tslot_bolt-TSlotBolt,flipped=True,length=16.0-13fe0779f556.scad generated with 1788820489.9604833!
 INFO -       node.base - /home/asa/devel/libresolid-studio/projects/3D-Printers/Metamaquina2/_build/metamaquina2/frame/tslot_bolt-TSlotBolt,flipped=True,length=16.0-13fe0779f556.scad generated with 1788820489.9604833!
 INFO -       node.base - /home/asa/devel/libresolid-studio/projects/3D-Printers/Metamaquina2/_build/metamaquina2/frame/tslot_bolt-TSlotBolt,flipped=False,length=16.0-27c9c93bcd7a.scad generated with 1788820489.9604833!
 INFO -       node.base - /home/asa/devel/libresolid-studio/projects/3D-Printers/Metamaquina2/_build/metamaquina2/frame/tslot_bolt-TSlotBolt,flipped=False,length=16.0-27c9c93bcd7a.scad generated with 1788820489.9604833!
 INFO -       node.base - /home/asa/devel/libresolid-studio/projects/3D-Printers/Metamaquina2/_build/metamaquina2/frame/tslot_bolt-TSlotBolt,flipped=False,length=16.0-27c9c93bcd7a.scad generated with 1788820489.9604833!
 INFO -       node.base - /home/asa/devel/libresolid-studio/projects/3D-Printers/Metamaquina2/_build/metamaquina2/frame/tslot_bolt-TSlotBolt,flipped=False,length=16.0-27c9c93bcd7a.scad generated with 1788820489.9604833!
 INFO -       node.base - /home/asa/devel/libresolid-studio/projects/3D-Printers/Metamaquina2/_build/metamaquina2/frame/tslot_bolt-TSlotBolt,flipped=False,length=16.0-27c9c93bcd7a.scad generated with 1788820489.9604833!
 INFO -       node.base - /home/asa/devel/libresolid-studio/projects/3D-Printers/Metamaquina2/_build/metamaquina2/frame/tslot_bolt-TSlotBolt,flipped=False,length=16.0-27c9c93bcd7a.scad generated with 1788820489.9604833!
 INFO -       node.base - /home/asa/devel/libresolid-studio/projects/3D-Printers/Metamaquina2/_build/metamaquina2/frame/tslot_bolt-TSlotBolt,flipped=False,length=16.0-27c9c93bcd7a.scad generated with 1788820489.9604833!
 INFO -       node.base - /home/asa/devel/libresolid-studio/projects/3D-Printers/Metamaquina2/_build/metamaquina2/frame/joints-PanelJoints-595fcd9a335e.scad generated with 1788820489.9604833!
 INFO -       node.base - /home/asa/devel/libresolid-studio/projects/3D-Printers/Metamaquina2/_build/metamaquina2/frame/bars/nut_cap-NutCap-20368cb8780f.scad generated with 1788820489.9584832!
 INFO -       node.base - /home/asa/devel/libresolid-studio/projects/3D-Printers/Metamaquina2/_build/metamaquina2/frame/bars/nut_cap-NutCap-20368cb8780f.scad generated with 1788820489.9584832!
 INFO -       node.base - /home/asa/devel/libresolid-studio/projects/3D-Printers/Metamaquina2/_build/metamaquina2/frame/bars/bar_clamp_mount-BarClampMount-8dedaf0f2df5.scad generated with 1788820489.9584832!
 INFO -       node.base - /home/asa/devel/libresolid-studio/projects/3D-Printers/Metamaquina2/_build/metamaquina2/frame/bars/bar_clamp_mount-BarClampMount-8dedaf0f2df5.scad generated with 1788820489.9584832!
 INFO -       node.base - /home/asa/devel/libresolid-studio/projects/3D-Printers/Metamaquina2/_build/metamaquina2/frame/bars/belt_idler-BeltIdler,spaced=False-e81ebbd8c247.scad generated with 1788820489.9584832!
 INFO -       node.base - /home/asa/devel/libresolid-studio/projects/3D-Printers/Metamaquina2/_build/metamaquina2/frame/bars/nut_cap-NutCap-20368cb8780f.scad generated with 1788820489.9584832!
 INFO -       node.base - /home/asa/devel/libresolid-studio/projects/3D-Printers/Metamaquina2/_build/metamaquina2/frame/bars/nut_cap-NutCap-20368cb8780f.scad generated with 1788820489.9584832!
 INFO -       node.base - /home/asa/devel/libresolid-studio/projects/3D-Printers/Metamaquina2/_build/metamaquina2/frame/bars/front_bars-FrontBars-64d8cab964ea.scad generated with 1788820489.9614832!
 INFO -       node.base - /home/asa/devel/libresolid-studio/projects/3D-Printers/Metamaquina2/_build/metamaquina2/frame/bars/nut_cap-NutCap-20368cb8780f.scad generated with 1788820489.9584832!
 INFO -       node.base - /home/asa/devel/libresolid-studio/projects/3D-Printers/Metamaquina2/_build/metamaquina2/frame/bars/nut_cap-NutCap-20368cb8780f.scad generated with 1788820489.9584832!
 INFO -       node.base - /home/asa/devel/libresolid-studio/projects/3D-Printers/Metamaquina2/_build/metamaquina2/frame/bars/bar_clamp_mount-BarClampMount-8dedaf0f2df5.scad generated with 1788820489.9584832!
 INFO -       node.base - /home/asa/devel/libresolid-studio/projects/3D-Printers/Metamaquina2/_build/metamaquina2/frame/bars/bar_clamp_mount-BarClampMount-8dedaf0f2df5.scad generated with 1788820489.9584832!
 INFO -       node.base - /home/asa/devel/libresolid-studio/projects/3D-Printers/Metamaquina2/_build/metamaquina2/frame/bars/belt_idler-BeltIdler,spaced=True-ab3f2adad297.scad generated with 1788820489.9584832!
 INFO -       node.base - /home/asa/devel/libresolid-studio/projects/3D-Printers/Metamaquina2/_build/metamaquina2/frame/bars/nut_cap-NutCap-20368cb8780f.scad generated with 1788820489.9584832!
 INFO -       node.base - /home/asa/devel/libresolid-studio/projects/3D-Printers/Metamaquina2/_build/metamaquina2/frame/bars/nut_cap-NutCap-20368cb8780f.scad generated with 1788820489.9584832!
 INFO -       node.base - /home/asa/devel/libresolid-studio/projects/3D-Printers/Metamaquina2/_build/metamaquina2/frame/bars/belt_idler-BeltIdler,spaced=True-ab3f2adad297.scad generated with 1788820489.9584832!
 INFO -       node.base - /home/asa/devel/libresolid-studio/projects/3D-Printers/Metamaquina2/_build/metamaquina2/frame/bars/rear_bars-RearBars-e87af92f685e.scad generated with 1788820489.9614832!
 INFO -       node.base - /home/asa/devel/libresolid-studio/projects/3D-Printers/Metamaquina2/_build/metamaquina2/frame/bars/bars-Bars-f2c3526915d3.scad generated with 1788820489.9614832!
 INFO -       node.base - /home/asa/devel/libresolid-studio/projects/3D-Printers/Metamaquina2/_build/metamaquina2/frame/frame-Frame-d0b50e064a4f.scad generated with 1788820489.9614832!
 INFO -       node.base - /home/asa/devel/libresolid-studio/projects/3D-Printers/Metamaquina2/_build/metamaquina2/hardware/nema17_mount-Nema17Mount-3f876c5f1a14.scad generated with 1788820489.9614832!
 INFO -       node.base - /home/asa/devel/libresolid-studio/projects/3D-Printers/Metamaquina2/_build/metamaquina2/hardware/nema17_mount-Nema17Mount-3f876c5f1a14.scad generated with 1788820489.9614832!
 INFO -       node.base - /home/asa/devel/libresolid-studio/projects/3D-Printers/Metamaquina2/_build/metamaquina2/z_axis/z_motors-ZMotors-1a91a191d574.scad generated with 1788820489.9674835!
 INFO -       node.base - /home/asa/devel/libresolid-studio/projects/3D-Printers/Metamaquina2/_build/metamaquina2/z_axis/z_couplings-ZCouplings-d554d35de5db.scad generated with 1788993822.3224988!
 INFO -       node.base - /home/asa/devel/libresolid-studio/projects/3D-Printers/Metamaquina2/_build/metamaquina2/z_axis/z_bars-ZBars-87c1986c5d57.scad generated with 1788993821.2464643!
 INFO -       node.base - /home/asa/devel/libresolid-studio/projects/3D-Printers/Metamaquina2/_build/metamaquina2/z_axis/z_rods-ZRods-63d302330430.scad generated with 1788820489.9674835!
 INFO -       node.base - /home/asa/devel/libresolid-studio/projects/3D-Printers/Metamaquina2/_build/metamaquina2/z_axis/z_axis-ZAxis-016aa9a0236f.scad generated with 1788994495.3912227!
 INFO -       node.base - /home/asa/devel/libresolid-studio/projects/3D-Printers/Metamaquina2/_build/metamaquina2/y_axis/y_rods-YRods-6bc6613cec3d.scad generated with 1788820489.9674835!
 INFO -       node.base - /home/asa/devel/libresolid-studio/projects/3D-Printers/Metamaquina2/_build/metamaquina2/y_axis/heated_bed/heated_bed-HeatedBed-f1346a0c1f85.scad generated with 1788820489.9654834!
 INFO -       node.base - /home/asa/devel/libresolid-studio/projects/3D-Printers/Metamaquina2/_build/metamaquina2/y_axis/platform/bed_spring-BedSpring,bore=3.0,coil_diameter=4.5,free_length=13.0,instal-2d9050f1b2b4.scad generated with 1788993812.488183!
 INFO -       node.base - /home/asa/devel/libresolid-studio/projects/3D-Printers/Metamaquina2/_build/metamaquina2/y_axis/platform/level_screw-BedLevelScrew,bolt_length=30.0-a4fb3518e753.scad generated with 1788993812.488183!
 INFO -       node.base - /home/asa/devel/libresolid-studio/projects/3D-Printers/Metamaquina2/_build/metamaquina2/y_axis/platform/bed_spring-BedSpring,bore=3.0,coil_diameter=4.5,free_length=13.0,instal-2d9050f1b2b4.scad generated with 1788993812.488183!
 INFO -       node.base - /home/asa/devel/libresolid-studio/projects/3D-Printers/Metamaquina2/_build/metamaquina2/y_axis/platform/level_screw-BedLevelScrew,bolt_length=30.0-a4fb3518e753.scad generated with 1788993812.488183!
 INFO -       node.base - /home/asa/devel/libresolid-studio/projects/3D-Printers/Metamaquina2/_build/metamaquina2/y_axis/platform/bed_spring-BedSpring,bore=3.0,coil_diameter=4.5,free_length=13.0,instal-2d9050f1b2b4.scad generated with 1788993812.488183!
 INFO -       node.base - /home/asa/devel/libresolid-studio/projects/3D-Printers/Metamaquina2/_build/metamaquina2/y_axis/platform/level_screw-BedLevelScrew,bolt_length=30.0-a4fb3518e753.scad generated with 1788993812.488183!
 INFO -       node.base - /home/asa/devel/libresolid-studio/projects/3D-Printers/Metamaquina2/_build/metamaquina2/y_axis/platform/bed_spring-BedSpring,bore=3.0,coil_diameter=4.5,free_length=13.0,instal-2d9050f1b2b4.scad generated with 1788993812.488183!
 INFO -       node.base - /home/asa/devel/libresolid-studio/projects/3D-Printers/Metamaquina2/_build/metamaquina2/y_axis/platform/level_screw-BedLevelScrew,bolt_length=30.0-a4fb3518e753.scad generated with 1788993812.488183!
 INFO -       node.base - /home/asa/devel/libresolid-studio/projects/3D-Printers/Metamaquina2/_build/metamaquina2/hardware/double_m3_spacer-DoubleM3Spacer-c3cd85562df1.scad generated with 1788820489.9604833!
 INFO -       node.base - /home/asa/devel/libresolid-studio/projects/3D-Printers/Metamaquina2/_build/metamaquina2/hardware/double_m3_spacer-DoubleM3Spacer-c3cd85562df1.scad generated with 1788820489.9604833!
 INFO -       node.base - /home/asa/devel/libresolid-studio/projects/3D-Printers/Metamaquina2/_build/metamaquina2/hardware/double_m3_spacer-DoubleM3Spacer-c3cd85562df1.scad generated with 1788820489.9604833!
 INFO -       node.base - /home/asa/devel/libresolid-studio/projects/3D-Printers/Metamaquina2/_build/metamaquina2/hardware/double_m3_spacer-DoubleM3Spacer-c3cd85562df1.scad generated with 1788820489.9604833!
 INFO -       node.base - /home/asa/devel/libresolid-studio/projects/3D-Printers/Metamaquina2/_build/metamaquina2/hardware/double_m3_spacer-DoubleM3Spacer-c3cd85562df1.scad generated with 1788820489.9604833!
 INFO -       node.base - /home/asa/devel/libresolid-studio/projects/3D-Printers/Metamaquina2/_build/metamaquina2/hardware/double_m3_spacer-DoubleM3Spacer-c3cd85562df1.scad generated with 1788820489.9604833!
 INFO -       node.base - /home/asa/devel/libresolid-studio/projects/3D-Printers/Metamaquina2/_build/metamaquina2/hardware/double_m3_spacer-DoubleM3Spacer-c3cd85562df1.scad generated with 1788820489.9604833!
 INFO -       node.base - /home/asa/devel/libresolid-studio/projects/3D-Printers/Metamaquina2/_build/metamaquina2/y_axis/platform/sandwich_bolt-SandwichBolt,length=30.0-30750e12f42e.scad generated with 1788820489.9664836!
 INFO -       node.base - /home/asa/devel/libresolid-studio/projects/3D-Printers/Metamaquina2/_build/metamaquina2/y_axis/platform/sandwich_bolt-SandwichBolt,length=30.0-30750e12f42e.scad generated with 1788820489.9664836!
 INFO -       node.base - /home/asa/devel/libresolid-studio/projects/3D-Printers/Metamaquina2/_build/metamaquina2/y_axis/platform/sandwich_bolt-SandwichBolt,length=30.0-30750e12f42e.scad generated with 1788820489.9664836!
 INFO -       node.base - /home/asa/devel/libresolid-studio/projects/3D-Printers/Metamaquina2/_build/metamaquina2/y_axis/platform/sandwich_bolt-SandwichBolt,length=30.0-30750e12f42e.scad generated with 1788820489.9664836!
 INFO -       node.base - /home/asa/devel/libresolid-studio/projects/3D-Printers/Metamaquina2/_build/metamaquina2/y_axis/platform/sandwich_bolt-SandwichBolt,length=30.0-30750e12f42e.scad generated with 1788820489.9664836!
 INFO -       node.base - /home/asa/devel/libresolid-studio/projects/3D-Printers/Metamaquina2/_build/metamaquina2/y_axis/platform/sandwich_bolt-SandwichBolt,length=30.0-30750e12f42e.scad generated with 1788820489.9664836!
 INFO -       node.base - /home/asa/devel/libresolid-studio/projects/3D-Printers/Metamaquina2/_build/metamaquina2/y_axis/platform/sandwich_bolt-SandwichBolt,length=30.0-30750e12f42e.scad generated with 1788820489.9664836!
 INFO -       node.base - /home/asa/devel/libresolid-studio/projects/3D-Printers/Metamaquina2/_build/metamaquina2/y_axis/platform/y_platform-YPlatform-54ec5b6facd5.scad generated with 1788994394.9959733!
 INFO -       node.base - /home/asa/devel/libresolid-studio/projects/3D-Printers/Metamaquina2/_build/metamaquina2/y_axis/y_belt-YBelt-1a935d8bd03c.scad generated with 1788994237.4478788!
 INFO -       node.base - /home/asa/devel/libresolid-studio/projects/3D-Printers/Metamaquina2/_build/metamaquina2/hardware/nema17_mount-Nema17Mount-3f876c5f1a14.scad generated with 1788820489.9614832!
 INFO -       node.base - /home/asa/devel/libresolid-studio/projects/3D-Printers/Metamaquina2/_build/metamaquina2/y_axis/motor/y_motor-YMotor-ed386c42936a.scad generated with 1788994459.019045!
 INFO -       node.base - /home/asa/devel/libresolid-studio/projects/3D-Printers/Metamaquina2/_build/metamaquina2/y_axis/y_axis-YAxis-e15233bcb0e9.scad generated with 1788994482.8348162!
 INFO -       node.base - /home/asa/devel/libresolid-studio/projects/3D-Printers/Metamaquina2/_build/metamaquina2/frame/tslot_bolt-TSlotBolt,flipped=False,length=16.0-27c9c93bcd7a.scad generated with 1788820489.9604833!
 INFO -       node.base - /home/asa/devel/libresolid-studio/projects/3D-Printers/Metamaquina2/_build/metamaquina2/frame/tslot_bolt-TSlotBolt,flipped=False,length=16.0-27c9c93bcd7a.scad generated with 1788820489.9604833!
 INFO -       node.base - /home/asa/devel/libresolid-studio/projects/3D-Printers/Metamaquina2/_build/metamaquina2/hardware/double_m3_spacer-DoubleM3Spacer-c3cd85562df1.scad generated with 1788820489.9604833!
 INFO -       node.base - /home/asa/devel/libresolid-studio/projects/3D-Printers/Metamaquina2/_build/metamaquina2/hardware/double_m3_spacer-DoubleM3Spacer-c3cd85562df1.scad generated with 1788820489.9604833!
 INFO -       node.base - /home/asa/devel/libresolid-studio/projects/3D-Printers/Metamaquina2/_build/metamaquina2/hardware/double_m3_spacer-DoubleM3Spacer-c3cd85562df1.scad generated with 1788820489.9604833!
 INFO -       node.base - /home/asa/devel/libresolid-studio/projects/3D-Printers/Metamaquina2/_build/metamaquina2/hardware/double_m3_spacer-DoubleM3Spacer-c3cd85562df1.scad generated with 1788820489.9604833!
 INFO -       node.base - /home/asa/devel/libresolid-studio/projects/3D-Printers/Metamaquina2/_build/metamaquina2/x_stage/ends/bearing_sandwich-XEndBearingSandwich-38d14d40efee.scad generated with 1788820489.9644835!
 INFO -       node.base - /home/asa/devel/libresolid-studio/projects/3D-Printers/Metamaquina2/_build/metamaquina2/hardware/nema17_mount-Nema17Mount-3f876c5f1a14.scad generated with 1788820489.9614832!
 INFO -       node.base - /home/asa/devel/libresolid-studio/projects/3D-Printers/Metamaquina2/_build/metamaquina2/x_stage/ends/motor/belt_side-XEndMotorBeltSide-dfa44d7d31da.scad generated with 1788994415.6556418!
 INFO -       node.base - /home/asa/devel/libresolid-studio/projects/3D-Printers/Metamaquina2/_build/metamaquina2/x_stage/ends/motor/x_end_motor-XEndMotor-7dc29c73366a.scad generated with 1788994511.1877341!
 INFO -       node.base - /home/asa/devel/libresolid-studio/projects/3D-Printers/Metamaquina2/_build/metamaquina2/frame/tslot_bolt-TSlotBolt,flipped=False,length=16.0-27c9c93bcd7a.scad generated with 1788820489.9604833!
 INFO -       node.base - /home/asa/devel/libresolid-studio/projects/3D-Printers/Metamaquina2/_build/metamaquina2/frame/tslot_bolt-TSlotBolt,flipped=False,length=16.0-27c9c93bcd7a.scad generated with 1788820489.9604833!
 INFO -       node.base - /home/asa/devel/libresolid-studio/projects/3D-Printers/Metamaquina2/_build/metamaquina2/hardware/double_m3_spacer-DoubleM3Spacer-c3cd85562df1.scad generated with 1788820489.9604833!
 INFO -       node.base - /home/asa/devel/libresolid-studio/projects/3D-Printers/Metamaquina2/_build/metamaquina2/hardware/double_m3_spacer-DoubleM3Spacer-c3cd85562df1.scad generated with 1788820489.9604833!
 INFO -       node.base - /home/asa/devel/libresolid-studio/projects/3D-Printers/Metamaquina2/_build/metamaquina2/hardware/double_m3_spacer-DoubleM3Spacer-c3cd85562df1.scad generated with 1788820489.9604833!
 INFO -       node.base - /home/asa/devel/libresolid-studio/projects/3D-Printers/Metamaquina2/_build/metamaquina2/hardware/double_m3_spacer-DoubleM3Spacer-c3cd85562df1.scad generated with 1788820489.9604833!
 INFO -       node.base - /home/asa/devel/libresolid-studio/projects/3D-Printers/Metamaquina2/_build/metamaquina2/x_stage/ends/bearing_sandwich-XEndBearingSandwich-38d14d40efee.scad generated with 1788820489.9644835!
 INFO -       node.base - /home/asa/devel/libresolid-studio/projects/3D-Printers/Metamaquina2/_build/metamaquina2/x_stage/ends/idler/idler_pulley-XIdlerPulley,shaft_length=80.0-ed7154a6c941.scad generated with 1788820489.9644835!
 INFO -       node.base - /home/asa/devel/libresolid-studio/projects/3D-Printers/Metamaquina2/_build/metamaquina2/x_stage/ends/idler/x_end_idler-XEndIdler-c4bce0b40f7e.scad generated with 1788820489.9654834!
 INFO -       node.base - /home/asa/devel/libresolid-studio/projects/3D-Printers/Metamaquina2/_build/metamaquina2/hardware/double_m3_spacer-DoubleM3Spacer-c3cd85562df1.scad generated with 1788820489.9604833!
 INFO -       node.base - /home/asa/devel/libresolid-studio/projects/3D-Printers/Metamaquina2/_build/metamaquina2/hardware/double_m3_spacer-DoubleM3Spacer-c3cd85562df1.scad generated with 1788820489.9604833!
 INFO -       node.base - /home/asa/devel/libresolid-studio/projects/3D-Printers/Metamaquina2/_build/metamaquina2/hardware/double_m3_spacer-DoubleM3Spacer-c3cd85562df1.scad generated with 1788820489.9604833!
 INFO -       node.base - /home/asa/devel/libresolid-studio/projects/3D-Printers/Metamaquina2/_build/metamaquina2/hardware/double_m3_spacer-DoubleM3Spacer-c3cd85562df1.scad generated with 1788820489.9604833!
 INFO -       node.base - /home/asa/devel/libresolid-studio/projects/3D-Printers/Metamaquina2/_build/metamaquina2/hardware/double_m3_spacer-DoubleM3Spacer-c3cd85562df1.scad generated with 1788820489.9604833!
 INFO -       node.base - /home/asa/devel/libresolid-studio/projects/3D-Printers/Metamaquina2/_build/metamaquina2/hardware/double_m3_spacer-DoubleM3Spacer-c3cd85562df1.scad generated with 1788820489.9604833!
 INFO -       node.base - /home/asa/devel/libresolid-studio/projects/3D-Printers/Metamaquina2/_build/metamaquina2/x_stage/carriage/extruder/block-ExtruderBlock-9c673d299be7.scad generated with 1788820489.9644835!
 INFO -       node.base - /home/asa/devel/libresolid-studio/projects/3D-Printers/Metamaquina2/_build/metamaquina2/x_stage/carriage/extruder/idler/idler-Idler-285e8546111e.scad generated with 1788820489.9634833!
 INFO -       node.base - /home/asa/devel/libresolid-studio/projects/3D-Printers/Metamaquina2/_build/metamaquina2/x_stage/carriage/extruder/idler_spring-IdlerSpring,bore=4.0,coil_diameter=6.0,free_length=16.5,inst-7ce1d001d1aa.scad generated with 1788993812.488183!
 INFO -       node.base - /home/asa/devel/libresolid-studio/projects/3D-Printers/Metamaquina2/_build/metamaquina2/x_stage/carriage/extruder/idler_spring-IdlerSpring,bore=4.0,coil_diameter=6.0,free_length=16.5,inst-7ce1d001d1aa.scad generated with 1788993812.488183!
 INFO -       node.base - /home/asa/devel/libresolid-studio/projects/3D-Printers/Metamaquina2/_build/metamaquina2/x_stage/carriage/extruder/handle-Handle-fa04ae3d5198.scad generated with 1788993812.488183!
 INFO -       node.base - /home/asa/devel/libresolid-studio/projects/3D-Printers/Metamaquina2/_build/metamaquina2/hardware/nema17_mount-Nema17Mount-3f876c5f1a14.scad generated with 1788820489.9614832!
 INFO -       node.base - /home/asa/devel/libresolid-studio/projects/3D-Printers/Metamaquina2/_build/metamaquina2/x_stage/carriage/extruder/hotend/hot_end-HotEnd-90ec71dde4c0.scad generated with 1788820489.9634833!
 INFO -       node.base - /home/asa/devel/libresolid-studio/projects/3D-Printers/Metamaquina2/_build/metamaquina2/x_stage/carriage/extruder/extruder-Extruder,hot_end_bolt=30.0-3e90a591c947.scad generated with 1788993812.488183!
 INFO -       node.base - /home/asa/devel/libresolid-studio/projects/3D-Printers/Metamaquina2/_build/metamaquina2/x_stage/carriage/belt_clamp-XBeltClamp,bolt_length=20.0,flipped=False-20e697df40a2.scad generated with 1788820489.9624834!
 INFO -       node.base - /home/asa/devel/libresolid-studio/projects/3D-Printers/Metamaquina2/_build/metamaquina2/x_stage/carriage/belt_clamp-XBeltClamp,bolt_length=20.0,flipped=True-37578d4e5a8f.scad generated with 1788820489.9624834!
 INFO -       node.base - /home/asa/devel/libresolid-studio/projects/3D-Printers/Metamaquina2/_build/metamaquina2/x_stage/carriage/x_carriage-XCarriage-52a9ea2f44d6.scad generated with 1788994352.2195895!
 INFO -       node.base - /home/asa/devel/libresolid-studio/projects/3D-Printers/Metamaquina2/_build/metamaquina2/x_stage/x_rods-XRods-6763e18f967b.scad generated with 1788820489.9654834!
 INFO -       node.base - /home/asa/devel/libresolid-studio/projects/3D-Printers/Metamaquina2/_build/metamaquina2/x_stage/x_belt-XBelt-919d93774f48.scad generated with 1788994209.105963!
 INFO -       node.base - /home/asa/devel/libresolid-studio/projects/3D-Printers/Metamaquina2/_build/metamaquina2/x_stage/x_stage-XStage-3bbe6f6f63f5.scad generated with 1788994511.1877341!
 INFO -       node.base - /home/asa/devel/libresolid-studio/projects/3D-Printers/Metamaquina2/_build/metamaquina2/hardware/double_m3_spacer-DoubleM3Spacer-c3cd85562df1.scad generated with 1788820489.9604833!
 INFO -       node.base - /home/asa/devel/libresolid-studio/projects/3D-Printers/Metamaquina2/_build/metamaquina2/hardware/double_m3_spacer-DoubleM3Spacer-c3cd85562df1.scad generated with 1788820489.9604833!
 INFO -       node.base - /home/asa/devel/libresolid-studio/projects/3D-Printers/Metamaquina2/_build/metamaquina2/hardware/double_m3_spacer-DoubleM3Spacer-c3cd85562df1.scad generated with 1788820489.9604833!
 INFO -       node.base - /home/asa/devel/libresolid-studio/projects/3D-Printers/Metamaquina2/_build/metamaquina2/hardware/double_m3_spacer-DoubleM3Spacer-c3cd85562df1.scad generated with 1788820489.9604833!
 INFO -       node.base - /home/asa/devel/libresolid-studio/projects/3D-Printers/Metamaquina2/_build/metamaquina2/electronics/rambo/rambo-Rambo-ad9849e72394.scad generated with 1788820489.9604833!
 INFO -       node.base - /home/asa/devel/libresolid-studio/projects/3D-Printers/Metamaquina2/_build/metamaquina2/electronics/endstops/z_endstop-ZEndstop,max-72371ef6ffbb.scad generated with 1788171435.644814!
 INFO -       node.base - /home/asa/devel/libresolid-studio/projects/3D-Printers/Metamaquina2/_build/metamaquina2/electronics/endstops/z_endstop-ZEndstop,min-066a75886a4d.scad generated with 1788171435.644814!
 INFO -       node.base - /home/asa/devel/libresolid-studio/projects/3D-Printers/Metamaquina2/_build/metamaquina2/electronics/endstops/y_endstop-YEndstop,max-920e5c0426c7.scad generated with 1788171435.644814!
 INFO -       node.base - /home/asa/devel/libresolid-studio/projects/3D-Printers/Metamaquina2/_build/metamaquina2/electronics/endstops/y_endstop-YEndstop,min-71c2dc4446a4.scad generated with 1788171435.644814!
 INFO -       node.base - /home/asa/devel/libresolid-studio/projects/3D-Printers/Metamaquina2/_build/metamaquina2/electronics/endstops/endstops-Endstops-81099ce3fc1c.scad generated with 1788820489.9574833!
 INFO -       node.base - /home/asa/devel/libresolid-studio/projects/3D-Printers/Metamaquina2/_build/metamaquina2/electronics/cable_clips-CableClips-c448777ecb49.scad generated with 1788820489.9564831!
 INFO -       node.base - /home/asa/devel/libresolid-studio/projects/3D-Printers/Metamaquina2/_build/metamaquina2/electronics/power_supply/box-PowerSupplyBox-fd333546f007.scad generated with 1788820489.9574833!
 INFO -       node.base - /home/asa/devel/libresolid-studio/projects/3D-Printers/Metamaquina2/_build/metamaquina2/electronics/power_supply/power_supply-PowerSupply-4fb274e5737a.scad generated with 1788820489.9604833!
 INFO -       node.base - /home/asa/devel/libresolid-studio/projects/3D-Printers/Metamaquina2/_build/metamaquina2/electronics/electronics-Electronics,power_supply_fitted=True-d78d92684be8.scad generated with 1788820489.9604833!
 INFO -       node.base - /home/asa/devel/libresolid-studio/projects/3D-Printers/Metamaquina2/_build/metamaquina2/frame/tslot_bolt-TSlotBolt,flipped=False,length=16.0-27c9c93bcd7a.scad generated with 1788820489.9604833!
 INFO -       node.base - /home/asa/devel/libresolid-studio/projects/3D-Printers/Metamaquina2/_build/metamaquina2/frame/tslot_bolt-TSlotBolt,flipped=False,length=16.0-27c9c93bcd7a.scad generated with 1788820489.9604833!
 INFO -       node.base - /home/asa/devel/libresolid-studio/projects/3D-Printers/Metamaquina2/_build/metamaquina2/frame/tslot_bolt-TSlotBolt,flipped=False,length=16.0-27c9c93bcd7a.scad generated with 1788820489.9604833!
 INFO -       node.base - /home/asa/devel/libresolid-studio/projects/3D-Printers/Metamaquina2/_build/metamaquina2/frame/tslot_bolt-TSlotBolt,flipped=False,length=16.0-27c9c93bcd7a.scad generated with 1788820489.9604833!
 INFO -       node.base - /home/asa/devel/libresolid-studio/projects/3D-Printers/Metamaquina2/_build/metamaquina2/spool_holder/spool_holder-SpoolHolder-dcf028cd8ffb.scad generated with 1788820489.9624834!
 INFO -       node.base - /home/asa/devel/libresolid-studio/projects/3D-Printers/Metamaquina2/_build/metamaquina2/filament-Filament-0a9066fa6acd.scad generated with 1788993810.8611307!
 INFO -       node.base - /home/asa/devel/libresolid-studio/projects/3D-Printers/Metamaquina2/_build/metamaquina2/metamaquina2-Metamaquina2,power_supply_fitted=True,spool_holder_offset=40-73f58f93d965.scad generated with 1788994892.8961034!
