 INFO -       node.base - /home/asa/devel/libresolid-studio/projects/3D-Printers/snappy-reprap/_build/simulation/motor_segment-Pinion-0d3ce351a109.scad generated with 1788992515.1845963!
 INFO -       node.base - /home/asa/devel/libresolid-studio/projects/3D-Printers/snappy-reprap/_build/simulation/motor_segment-MotorSegment-c1c1286149a0.scad generated with 1788992515.1845963!
 INFO -       node.base - /home/asa/devel/libresolid-studio/projects/3D-Printers/snappy-reprap/_build/simulation/motor_segment-Pinion-0d3ce351a109.scad generated with 1788992515.1845963!
 INFO -       node.base - /home/asa/devel/libresolid-studio/projects/3D-Printers/snappy-reprap/_build/simulation/motor_segment-MotorSegment-c1c1286149a0.scad generated with 1788992515.1845963!
 INFO -       node.base - /home/asa/devel/libresolid-studio/projects/3D-Printers/snappy-reprap/_build/simulation/y_sled-BedCorner-11771fa0c8d0.scad generated with 1788992493.3768816!
 INFO -       node.base - /home/asa/devel/libresolid-studio/projects/3D-Printers/snappy-reprap/_build/simulation/y_sled-BedCorner-11771fa0c8d0.scad generated with 1788992493.3768816!
 INFO -       node.base - /home/asa/devel/libresolid-studio/projects/3D-Printers/snappy-reprap/_build/simulation/y_sled-YSled-b842464c6eb7.scad generated with 1788992493.3768816!
 INFO -       node.base - /home/asa/devel/libresolid-studio/projects/3D-Printers/snappy-reprap/_build/simulation/y_axis-YAxis-e15233bcb0e9.scad generated with 1788992583.0898209!
 INFO -       node.base - /home/asa/devel/libresolid-studio/projects/3D-Printers/snappy-reprap/_build/simulation/x_sled-XSled-f6cefc74b18e.scad generated with 1788992583.0898209!
 INFO -       node.base - /home/asa/devel/libresolid-studio/projects/3D-Printers/snappy-reprap/_build/simulation/cable_chain-Wire0-dd5779b3a385.scad generated with 1788992365.9567044!
 INFO -       node.base - /home/asa/devel/libresolid-studio/projects/3D-Printers/snappy-reprap/_build/simulation/cable_chain-Wire1-3508d608de78.scad generated with 1788992365.9567044!
 INFO -       node.base - /home/asa/devel/libresolid-studio/projects/3D-Printers/snappy-reprap/_build/simulation/cable_chain-Wire2-995363bd9db2.scad generated with 1788992365.9567044!
 INFO -       node.base - /home/asa/devel/libresolid-studio/projects/3D-Printers/snappy-reprap/_build/simulation/cable_chain-Wire3-2c6db56fe800.scad generated with 1788992365.9567044!
 INFO -       node.base - /home/asa/devel/libresolid-studio/projects/3D-Printers/snappy-reprap/_build/simulation/cable_chain-Wire4-8146ad1d4d55.scad generated with 1788992365.9567044!
 INFO -       node.base - /home/asa/devel/libresolid-studio/projects/3D-Printers/snappy-reprap/_build/simulation/cable_chain-Wire5-0d27331980f5.scad generated with 1788992365.9567044!
 INFO -       node.base - /home/asa/devel/libresolid-studio/projects/3D-Printers/snappy-reprap/_build/simulation/cable_chain-CableChain,bottom_x=-62.0,bottom_z=7.5,least=-94.56,most=100-32cd170697f7.scad generated with 1788992365.9567044!
 INFO -       node.base - /home/asa/devel/libresolid-studio/projects/3D-Printers/snappy-reprap/_build/simulation/x_axis-XAxis-656692fc6573.scad generated with 1788992583.0898209!
 INFO -       node.base - /home/asa/devel/libresolid-studio/projects/3D-Printers/snappy-reprap/_build/simulation/lifter-LifterScrew-c91d90157119.scad generated with 1788992529.7410731!
 INFO -       node.base - /home/asa/devel/libresolid-studio/projects/3D-Printers/snappy-reprap/_build/simulation/lifter-Lifter-85786251d286.scad generated with 1788992529.7410731!
 INFO -       node.base - /home/asa/devel/libresolid-studio/projects/3D-Printers/snappy-reprap/_build/simulation/tower-ZTower,chain_mount=True-84383551439a.scad generated with 1788992539.0893795!
 INFO -       node.base - /home/asa/devel/libresolid-studio/projects/3D-Printers/snappy-reprap/_build/simulation/lifter-LifterScrew-c91d90157119.scad generated with 1788992529.7410731!
 INFO -       node.base - /home/asa/devel/libresolid-studio/projects/3D-Printers/snappy-reprap/_build/simulation/lifter-Lifter-85786251d286.scad generated with 1788992529.7410731!
 INFO -       node.base - /home/asa/devel/libresolid-studio/projects/3D-Printers/snappy-reprap/_build/simulation/tower-ZTower,chain_mount=False-5c414987e00d.scad generated with 1788992539.0893795!
 INFO -       node.base - /home/asa/devel/libresolid-studio/projects/3D-Printers/snappy-reprap/_build/simulation/extruder-Extruder-b03fed53f251.scad generated with 1788653927.039939!
 INFO -       node.base - /home/asa/devel/libresolid-studio/projects/3D-Printers/snappy-reprap/_build/simulation/bridge-Bridge-3892e10346fd.scad generated with 1788992499.004066!
 INFO -       node.base - /home/asa/devel/libresolid-studio/projects/3D-Printers/snappy-reprap/_build/simulation/brace-TopBrace-5e0947330650.scad generated with 1788652603.982447!
 INFO -       node.base - /home/asa/devel/libresolid-studio/projects/3D-Printers/snappy-reprap/_build/simulation/spool-SpoolStand-4b693b8d3972.scad generated with 1788652774.0339093!
 INFO -       node.base - /home/asa/devel/libresolid-studio/projects/3D-Printers/snappy-reprap/_build/simulation/cable_chain-Wire0-dd5779b3a385.scad generated with 1788992365.9567044!
 INFO -       node.base - /home/asa/devel/libresolid-studio/projects/3D-Printers/snappy-reprap/_build/simulation/cable_chain-Wire1-3508d608de78.scad generated with 1788992365.9567044!
 INFO -       node.base - /home/asa/devel/libresolid-studio/projects/3D-Printers/snappy-reprap/_build/simulation/cable_chain-Wire2-995363bd9db2.scad generated with 1788992365.9567044!
 INFO -       node.base - /home/asa/devel/libresolid-studio/projects/3D-Printers/snappy-reprap/_build/simulation/cable_chain-Wire3-2c6db56fe800.scad generated with 1788992365.9567044!
 INFO -       node.base - /home/asa/devel/libresolid-studio/projects/3D-Printers/snappy-reprap/_build/simulation/cable_chain-Wire4-8146ad1d4d55.scad generated with 1788992365.9567044!
 INFO -       node.base - /home/asa/devel/libresolid-studio/projects/3D-Printers/snappy-reprap/_build/simulation/cable_chain-Wire5-0d27331980f5.scad generated with 1788992365.9567044!
 INFO -       node.base - /home/asa/devel/libresolid-studio/projects/3D-Printers/snappy-reprap/_build/simulation/cable_chain-Wire6-c1940232b55a.scad generated with 1788992365.9567044!
 INFO -       node.base - /home/asa/devel/libresolid-studio/projects/3D-Printers/snappy-reprap/_build/simulation/cable_chain-Wire7-8d1cf2f98722.scad generated with 1788992365.9567044!
 INFO -       node.base - /home/asa/devel/libresolid-studio/projects/3D-Printers/snappy-reprap/_build/simulation/cable_chain-Wire8-1db37b7813a5.scad generated with 1788992365.9567044!
 INFO -       node.base - /home/asa/devel/libresolid-studio/projects/3D-Printers/snappy-reprap/_build/simulation/cable_chain-Wire9-786096a32698.scad generated with 1788992365.9567044!
 INFO -       node.base - /home/asa/devel/libresolid-studio/projects/3D-Printers/snappy-reprap/_build/simulation/cable_chain-Wire10-4613305f395b.scad generated with 1788992365.9567044!
 INFO -       node.base - /home/asa/devel/libresolid-studio/projects/3D-Printers/snappy-reprap/_build/simulation/cable_chain-Wire11-b9485d897c4a.scad generated with 1788992365.9567044!
 INFO -       node.base - /home/asa/devel/libresolid-studio/projects/3D-Printers/snappy-reprap/_build/simulation/cable_chain-CableChain,bottom_x=0.0,bottom_z=0.0,least=-120.81,most=86.0-06fc8cabf018.scad generated with 1788992365.9567044!
 INFO -       node.base - /home/asa/devel/libresolid-studio/projects/3D-Printers/snappy-reprap/_build/simulation/filament-Filament-0a9066fa6acd.scad generated with 1788992368.1337757!
 INFO -       node.base - /home/asa/devel/libresolid-studio/projects/3D-Printers/snappy-reprap/_build/simulation/snappy_reprap-SnappyReprap-01084c4175c8.scad generated with 1788992621.5590808!
