 INFO -       node.base - /home/asa/devel/libresolid-studio/projects/Robots/hexapod_spiderbot_model/_build/simulation/body-Body-6ccaa6415b5e.scad generated with 1788717799.2077763!
 INFO -       node.base - /home/asa/devel/libresolid-studio/projects/Robots/hexapod_spiderbot_model/_build/simulation/leg-Tibia-431f649179ee.scad generated with 1789042830.6726391!
 INFO -       node.base - /home/asa/devel/libresolid-studio/projects/Robots/hexapod_spiderbot_model/_build/simulation/leg-Femur-cd5cd5d70e81.scad generated with 1789042830.6726391!
 INFO -       node.base - /home/asa/devel/libresolid-studio/projects/Robots/hexapod_spiderbot_model/_build/simulation/leg-Coxa-084356f4926b.scad generated with 1789042830.6726391!
 INFO -       node.base - /home/asa/devel/libresolid-studio/projects/Robots/hexapod_spiderbot_model/_build/simulation/leg-Leg-7c94ee113e1b.scad generated with 1789042830.6726391!
 INFO -       node.base - /home/asa/devel/libresolid-studio/projects/Robots/hexapod_spiderbot_model/_build/simulation/leg-Tibia-431f649179ee.scad generated with 1789042830.6726391!
 INFO -       node.base - /home/asa/devel/libresolid-studio/projects/Robots/hexapod_spiderbot_model/_build/simulation/leg-Femur-cd5cd5d70e81.scad generated with 1789042830.6726391!
 INFO -       node.base - /home/asa/devel/libresolid-studio/projects/Robots/hexapod_spiderbot_model/_build/simulation/leg-Coxa-084356f4926b.scad generated with 1789042830.6726391!
 INFO -       node.base - /home/asa/devel/libresolid-studio/projects/Robots/hexapod_spiderbot_model/_build/simulation/leg-Leg-7c94ee113e1b.scad generated with 1789042830.6726391!
 INFO -       node.base - /home/asa/devel/libresolid-studio/projects/Robots/hexapod_spiderbot_model/_build/simulation/leg-Tibia-431f649179ee.scad generated with 1789042830.6726391!
 INFO -       node.base - /home/asa/devel/libresolid-studio/projects/Robots/hexapod_spiderbot_model/_build/simulation/leg-Femur-cd5cd5d70e81.scad generated with 1789042830.6726391!
 INFO -       node.base - /home/asa/devel/libresolid-studio/projects/Robots/hexapod_spiderbot_model/_build/simulation/leg-Coxa-084356f4926b.scad generated with 1789042830.6726391!
 INFO -       node.base - /home/asa/devel/libresolid-studio/projects/Robots/hexapod_spiderbot_model/_build/simulation/leg-Leg-7c94ee113e1b.scad generated with 1789042830.6726391!
 INFO -       node.base - /home/asa/devel/libresolid-studio/projects/Robots/hexapod_spiderbot_model/_build/simulation/leg-Tibia-431f649179ee.scad generated with 1789042830.6726391!
 INFO -       node.base - /home/asa/devel/libresolid-studio/projects/Robots/hexapod_spiderbot_model/_build/simulation/leg-Femur-cd5cd5d70e81.scad generated with 1789042830.6726391!
 INFO -       node.base - /home/asa/devel/libresolid-studio/projects/Robots/hexapod_spiderbot_model/_build/simulation/leg-Coxa-084356f4926b.scad generated with 1789042830.6726391!
 INFO -       node.base - /home/asa/devel/libresolid-studio/projects/Robots/hexapod_spiderbot_model/_build/simulation/leg-Leg-7c94ee113e1b.scad generated with 1789042830.6726391!
 INFO -       node.base - /home/asa/devel/libresolid-studio/projects/Robots/hexapod_spiderbot_model/_build/simulation/leg-Tibia-431f649179ee.scad generated with 1789042830.6726391!
 INFO -       node.base - /home/asa/devel/libresolid-studio/projects/Robots/hexapod_spiderbot_model/_build/simulation/leg-Femur-cd5cd5d70e81.scad generated with 1789042830.6726391!
 INFO -       node.base - /home/asa/devel/libresolid-studio/projects/Robots/hexapod_spiderbot_model/_build/simulation/leg-Coxa-084356f4926b.scad generated with 1789042830.6726391!
 INFO -       node.base - /home/asa/devel/libresolid-studio/projects/Robots/hexapod_spiderbot_model/_build/simulation/leg-Leg-7c94ee113e1b.scad generated with 1789042830.6726391!
 INFO -       node.base - /home/asa/devel/libresolid-studio/projects/Robots/hexapod_spiderbot_model/_build/simulation/leg-Tibia-431f649179ee.scad generated with 1789042830.6726391!
 INFO -       node.base - /home/asa/devel/libresolid-studio/projects/Robots/hexapod_spiderbot_model/_build/simulation/leg-Femur-cd5cd5d70e81.scad generated with 1789042830.6726391!
 INFO -       node.base - /home/asa/devel/libresolid-studio/projects/Robots/hexapod_spiderbot_model/_build/simulation/leg-Coxa-084356f4926b.scad generated with 1789042830.6726391!
 INFO -       node.base - /home/asa/devel/libresolid-studio/projects/Robots/hexapod_spiderbot_model/_build/simulation/leg-Leg-7c94ee113e1b.scad generated with 1789042830.6726391!
 INFO -       node.base - /home/asa/devel/libresolid-studio/projects/Robots/hexapod_spiderbot_model/_build/simulation/spiderbot-Chassis-687de21a9cc5.scad generated with 1789042830.673639!
 INFO -       node.base - /home/asa/devel/libresolid-studio/projects/Robots/hexapod_spiderbot_model/_build/simulation/spiderbot-Spiderbot-588acc720d32.scad generated with 1789042830.673639!
