 INFO -       node.base - /home/asa/devel/libresolid-studio/projects/3D-Printers/hangprinter/_build/simulation/winch-RotorABC-a26727aae284.scad generated with 1788992002.6057673!
 INFO -       node.base - /home/asa/devel/libresolid-studio/projects/3D-Printers/hangprinter/_build/simulation/winch-Belt-eeebd533ebee.scad generated with 1788992002.6057673!
 INFO -       node.base - /home/asa/devel/libresolid-studio/projects/3D-Printers/hangprinter/_build/simulation/winch-WinchABC,left_handed=True-b8d586ddd2fc.scad generated with 1788992002.6057673!
 INFO -       node.base - /home/asa/devel/libresolid-studio/projects/3D-Printers/hangprinter/_build/simulation/winch-RotorABC-a26727aae284.scad generated with 1788992002.6057673!
 INFO -       node.base - /home/asa/devel/libresolid-studio/projects/3D-Printers/hangprinter/_build/simulation/winch-Belt-eeebd533ebee.scad generated with 1788992002.6057673!
 INFO -       node.base - /home/asa/devel/libresolid-studio/projects/3D-Printers/hangprinter/_build/simulation/winch-WinchABC,left_handed=True-b8d586ddd2fc.scad generated with 1788992002.6057673!
 INFO -       node.base - /home/asa/devel/libresolid-studio/projects/3D-Printers/hangprinter/_build/simulation/winch-RotorABC-a26727aae284.scad generated with 1788992002.6057673!
 INFO -       node.base - /home/asa/devel/libresolid-studio/projects/3D-Printers/hangprinter/_build/simulation/winch-Belt-eeebd533ebee.scad generated with 1788992002.6057673!
 INFO -       node.base - /home/asa/devel/libresolid-studio/projects/3D-Printers/hangprinter/_build/simulation/winch-WinchABC,left_handed=False-d5775cfc9fd5.scad generated with 1788992002.6057673!
 INFO -       node.base - /home/asa/devel/libresolid-studio/projects/3D-Printers/hangprinter/_build/simulation/winch-RotorD-eeb7b72fec11.scad generated with 1788992002.6057673!
 INFO -       node.base - /home/asa/devel/libresolid-studio/projects/3D-Printers/hangprinter/_build/simulation/winch-Belt-eeebd533ebee.scad generated with 1788992002.6057673!
 INFO -       node.base - /home/asa/devel/libresolid-studio/projects/3D-Printers/hangprinter/_build/simulation/winch-WinchD-456eb6b68ebc.scad generated with 1788992002.6057673!
 INFO -       node.base - /home/asa/devel/libresolid-studio/projects/3D-Printers/hangprinter/_build/simulation/ceiling-Ceiling,beam_length=400.0-e82638218d97.scad generated with 1788992002.6057673!
 INFO -       node.base - /home/asa/devel/libresolid-studio/projects/3D-Printers/hangprinter/_build/simulation/mover-Mover,beam_length=400.0,clay=True-f43b084324e6.scad generated with 1788991748.6023865!
 INFO -       node.base - /home/asa/devel/libresolid-studio/projects/3D-Printers/hangprinter/_build/simulation/anchor-Anchor-a4ae750b610e.scad generated with 1788991579.7747886!
 INFO -       node.base - /home/asa/devel/libresolid-studio/projects/3D-Printers/hangprinter/_build/simulation/anchor-Anchor-a4ae750b610e.scad generated with 1788991579.7747886!
 INFO -       node.base - /home/asa/devel/libresolid-studio/projects/3D-Printers/hangprinter/_build/simulation/anchor-Anchor-a4ae750b610e.scad generated with 1788991579.7747886!
 INFO -       node.base - /home/asa/devel/libresolid-studio/projects/3D-Printers/hangprinter/_build/simulation/part-Strand-770baae20e7b.scad generated with 1788991579.7747886!
 INFO -       node.base - /home/asa/devel/libresolid-studio/projects/3D-Printers/hangprinter/_build/simulation/part-Strand-770baae20e7b.scad generated with 1788991579.7747886!
 INFO -       node.base - /home/asa/devel/libresolid-studio/projects/3D-Printers/hangprinter/_build/simulation/part-Strand-770baae20e7b.scad generated with 1788991579.7747886!
 INFO -       node.base - /home/asa/devel/libresolid-studio/projects/3D-Printers/hangprinter/_build/simulation/part-Strand-770baae20e7b.scad generated with 1788991579.7747886!
 INFO -       node.base - /home/asa/devel/libresolid-studio/projects/3D-Printers/hangprinter/_build/simulation/part-Strand-770baae20e7b.scad generated with 1788991579.7747886!
 INFO -       node.base - /home/asa/devel/libresolid-studio/projects/3D-Printers/hangprinter/_build/simulation/part-Strand-770baae20e7b.scad generated with 1788991579.7747886!
 INFO -       node.base - /home/asa/devel/libresolid-studio/projects/3D-Printers/hangprinter/_build/simulation/part-Strand-770baae20e7b.scad generated with 1788991579.7747886!
 INFO -       node.base - /home/asa/devel/libresolid-studio/projects/3D-Printers/hangprinter/_build/simulation/part-Strand-770baae20e7b.scad generated with 1788991579.7747886!
 INFO -       node.base - /home/asa/devel/libresolid-studio/projects/3D-Printers/hangprinter/_build/simulation/part-Strand-770baae20e7b.scad generated with 1788991579.7747886!
 INFO -       node.base - /home/asa/devel/libresolid-studio/projects/3D-Printers/hangprinter/_build/simulation/part-Strand-770baae20e7b.scad generated with 1788991579.7747886!
 INFO -       node.base - /home/asa/devel/libresolid-studio/projects/3D-Printers/hangprinter/_build/simulation/part-Strand-770baae20e7b.scad generated with 1788991579.7747886!
 INFO -       node.base - /home/asa/devel/libresolid-studio/projects/3D-Printers/hangprinter/_build/simulation/part-Strand-770baae20e7b.scad generated with 1788991579.7747886!
 INFO -       node.base - /home/asa/devel/libresolid-studio/projects/3D-Printers/hangprinter/_build/simulation/part-Strand-770baae20e7b.scad generated with 1788991579.7747886!
 INFO -       node.base - /home/asa/devel/libresolid-studio/projects/3D-Printers/hangprinter/_build/simulation/part-Strand-770baae20e7b.scad generated with 1788991579.7747886!
 INFO -       node.base - /home/asa/devel/libresolid-studio/projects/3D-Printers/hangprinter/_build/simulation/part-Strand-770baae20e7b.scad generated with 1788991579.7747886!
 INFO -       node.base - /home/asa/devel/libresolid-studio/projects/3D-Printers/hangprinter/_build/simulation/part-Strand-770baae20e7b.scad generated with 1788991579.7747886!
 INFO -       node.base - /home/asa/devel/libresolid-studio/projects/3D-Printers/hangprinter/_build/simulation/part-Strand-770baae20e7b.scad generated with 1788991579.7747886!
 INFO -       node.base - /home/asa/devel/libresolid-studio/projects/3D-Printers/hangprinter/_build/simulation/part-Strand-770baae20e7b.scad generated with 1788991579.7747886!
 INFO -       node.base - /home/asa/devel/libresolid-studio/projects/3D-Printers/hangprinter/_build/simulation/part-Strand-770baae20e7b.scad generated with 1788991579.7747886!
 INFO -       node.base - /home/asa/devel/libresolid-studio/projects/3D-Printers/hangprinter/_build/simulation/part-Strand-770baae20e7b.scad generated with 1788991579.7747886!
 INFO -       node.base - /home/asa/devel/libresolid-studio/projects/3D-Printers/hangprinter/_build/simulation/part-Strand-770baae20e7b.scad generated with 1788991579.7747886!
 INFO -       node.base - /home/asa/devel/libresolid-studio/projects/3D-Printers/hangprinter/_build/simulation/part-Strand-770baae20e7b.scad generated with 1788991579.7747886!
 INFO -       node.base - /home/asa/devel/libresolid-studio/projects/3D-Printers/hangprinter/_build/simulation/part-Strand-770baae20e7b.scad generated with 1788991579.7747886!
 INFO -       node.base - /home/asa/devel/libresolid-studio/projects/3D-Printers/hangprinter/_build/simulation/part-Strand-770baae20e7b.scad generated with 1788991579.7747886!
 INFO -       node.base - /home/asa/devel/libresolid-studio/projects/3D-Printers/hangprinter/_build/simulation/part-Strand-770baae20e7b.scad generated with 1788991579.7747886!
 INFO -       node.base - /home/asa/devel/libresolid-studio/projects/3D-Printers/hangprinter/_build/simulation/part-MoverStrand-ba1089e42b15.scad generated with 1788991579.7747886!
 INFO -       node.base - /home/asa/devel/libresolid-studio/projects/3D-Printers/hangprinter/_build/simulation/part-MoverStrand-ba1089e42b15.scad generated with 1788991579.7747886!
 INFO -       node.base - /home/asa/devel/libresolid-studio/projects/3D-Printers/hangprinter/_build/simulation/part-MoverStrand-ba1089e42b15.scad generated with 1788991579.7747886!
 INFO -       node.base - /home/asa/devel/libresolid-studio/projects/3D-Printers/hangprinter/_build/simulation/part-MoverStrand-ba1089e42b15.scad generated with 1788991579.7747886!
 INFO -       node.base - /home/asa/devel/libresolid-studio/projects/3D-Printers/hangprinter/_build/simulation/part-MoverStrand-ba1089e42b15.scad generated with 1788991579.7747886!
 INFO -       node.base - /home/asa/devel/libresolid-studio/projects/3D-Printers/hangprinter/_build/simulation/part-MoverStrand-ba1089e42b15.scad generated with 1788991579.7747886!
 INFO -       node.base - /home/asa/devel/libresolid-studio/projects/3D-Printers/hangprinter/_build/simulation/part-MoverStrand-ba1089e42b15.scad generated with 1788991579.7747886!
 INFO -       node.base - /home/asa/devel/libresolid-studio/projects/3D-Printers/hangprinter/_build/simulation/part-MoverStrand-ba1089e42b15.scad generated with 1788991579.7747886!
 INFO -       node.base - /home/asa/devel/libresolid-studio/projects/3D-Printers/hangprinter/_build/simulation/part-MoverStrand-ba1089e42b15.scad generated with 1788991579.7747886!
 INFO -       node.base - /home/asa/devel/libresolid-studio/projects/3D-Printers/hangprinter/_build/simulation/part-MoverStrand-ba1089e42b15.scad generated with 1788991579.7747886!
 INFO -       node.base - /home/asa/devel/libresolid-studio/projects/3D-Printers/hangprinter/_build/simulation/part-MoverStrand-ba1089e42b15.scad generated with 1788991579.7747886!
 INFO -       node.base - /home/asa/devel/libresolid-studio/projects/3D-Printers/hangprinter/_build/simulation/part-MoverStrand-ba1089e42b15.scad generated with 1788991579.7747886!
 INFO -       node.base - /home/asa/devel/libresolid-studio/projects/3D-Printers/hangprinter/_build/simulation/part-MoverStrand-ba1089e42b15.scad generated with 1788991579.7747886!
 INFO -       node.base - /home/asa/devel/libresolid-studio/projects/3D-Printers/hangprinter/_build/simulation/part-MoverStrand-ba1089e42b15.scad generated with 1788991579.7747886!
 INFO -       node.base - /home/asa/devel/libresolid-studio/projects/3D-Printers/hangprinter/_build/simulation/part-MoverStrand-ba1089e42b15.scad generated with 1788991579.7747886!
 INFO -       node.base - /home/asa/devel/libresolid-studio/projects/3D-Printers/hangprinter/_build/simulation/hangprinter-Hangprinter,beam_length=400.0,clay=True-6ab951122341.scad generated with 1788992002.6057673!
