 INFO -       node.base - /home/asa/devel/libresolid-studio/projects/3D-Printers/kossel/_build/simulation/carriage-CarriageAssembly-4259817d35f3.scad generated with 1788659802.4929903!
 INFO -       node.base - /home/asa/devel/libresolid-studio/projects/3D-Printers/kossel/_build/simulation/endstop-EndstopAssembly-88a0f2c627d3.scad generated with 1788659802.4929903!
 INFO -       node.base - /home/asa/devel/libresolid-studio/projects/3D-Printers/kossel/_build/simulation/belt-Belt,vertical_extrusion=600.0-6bf00fddba96.scad generated with 1788991959.26434!
 INFO -       node.base - /home/asa/devel/libresolid-studio/projects/3D-Printers/kossel/_build/simulation/tower-Tower,rail_length=400.0,vertical_extrusion=600.0-450dc52c1185.scad generated with 1788991959.26434!
 INFO -       node.base - /home/asa/devel/libresolid-studio/projects/3D-Printers/kossel/_build/simulation/carriage-CarriageAssembly-4259817d35f3.scad generated with 1788659802.4929903!
 INFO -       node.base - /home/asa/devel/libresolid-studio/projects/3D-Printers/kossel/_build/simulation/endstop-EndstopAssembly-88a0f2c627d3.scad generated with 1788659802.4929903!
 INFO -       node.base - /home/asa/devel/libresolid-studio/projects/3D-Printers/kossel/_build/simulation/belt-Belt,vertical_extrusion=600.0-6bf00fddba96.scad generated with 1788991959.26434!
 INFO -       node.base - /home/asa/devel/libresolid-studio/projects/3D-Printers/kossel/_build/simulation/tower-Tower,rail_length=400.0,vertical_extrusion=600.0-450dc52c1185.scad generated with 1788991959.26434!
 INFO -       node.base - /home/asa/devel/libresolid-studio/projects/3D-Printers/kossel/_build/simulation/carriage-CarriageAssembly-4259817d35f3.scad generated with 1788659802.4929903!
 INFO -       node.base - /home/asa/devel/libresolid-studio/projects/3D-Printers/kossel/_build/simulation/endstop-EndstopAssembly-88a0f2c627d3.scad generated with 1788659802.4929903!
 INFO -       node.base - /home/asa/devel/libresolid-studio/projects/3D-Printers/kossel/_build/simulation/belt-Belt,vertical_extrusion=600.0-6bf00fddba96.scad generated with 1788991959.26434!
 INFO -       node.base - /home/asa/devel/libresolid-studio/projects/3D-Printers/kossel/_build/simulation/tower-Tower,rail_length=400.0,vertical_extrusion=600.0-450dc52c1185.scad generated with 1788991959.26434!
 INFO -       node.base - /home/asa/devel/libresolid-studio/projects/3D-Printers/kossel/_build/simulation/effector-EffectorAssembly-be9ac6727d49.scad generated with 1788659802.4929903!
 INFO -       node.base - /home/asa/devel/libresolid-studio/projects/3D-Printers/kossel/_build/simulation/rod-Rod,diagonal_rod=215.0-13b90eccc69f.scad generated with 1788659802.4929903!
 INFO -       node.base - /home/asa/devel/libresolid-studio/projects/3D-Printers/kossel/_build/simulation/rod-Rod,diagonal_rod=215.0-13b90eccc69f.scad generated with 1788659802.4929903!
 INFO -       node.base - /home/asa/devel/libresolid-studio/projects/3D-Printers/kossel/_build/simulation/rod-Rod,diagonal_rod=215.0-13b90eccc69f.scad generated with 1788659802.4929903!
 INFO -       node.base - /home/asa/devel/libresolid-studio/projects/3D-Printers/kossel/_build/simulation/rod-Rod,diagonal_rod=215.0-13b90eccc69f.scad generated with 1788659802.4929903!
 INFO -       node.base - /home/asa/devel/libresolid-studio/projects/3D-Printers/kossel/_build/simulation/rod-Rod,diagonal_rod=215.0-13b90eccc69f.scad generated with 1788659802.4929903!
 INFO -       node.base - /home/asa/devel/libresolid-studio/projects/3D-Printers/kossel/_build/simulation/rod-Rod,diagonal_rod=215.0-13b90eccc69f.scad generated with 1788659802.4929903!
 INFO -       node.base - /home/asa/devel/libresolid-studio/projects/3D-Printers/kossel/_build/simulation/bed-Bed,beam_distance=92.3-a8c31fe30509.scad generated with 1788659802.4929903!
 INFO -       node.base - /home/asa/devel/libresolid-studio/projects/3D-Printers/kossel/_build/simulation/extruder-Extruder-b03fed53f251.scad generated with 1788659802.4929903!
 INFO -       node.base - /home/asa/devel/libresolid-studio/projects/3D-Printers/kossel/_build/simulation/power_supply-PowerSupply-4fb274e5737a.scad generated with 1788659802.4929903!
 INFO -       node.base - /home/asa/devel/libresolid-studio/projects/3D-Printers/kossel/_build/simulation/bowden-BowdenTube-638728822f1e.scad generated with 1788991959.26734!
 INFO -       node.base - /home/asa/devel/libresolid-studio/projects/3D-Printers/kossel/_build/simulation/bowden-Filament-0a9066fa6acd.scad generated with 1788991959.26734!
 INFO -       node.base - /home/asa/devel/libresolid-studio/projects/3D-Printers/kossel/_build/simulation/kossel-Kossel,diagonal_rod=215.0,horizontal_extrusion=240.0,rail_le-91288a8d3d9e.scad generated with 1788991959.26734!
