AR-07 non-rigid SCAD churn red proof
Date: 2026-09-07 UTC
Worktree: /home/asa/devel/libresolid-studio/solid-node/WTs/performance-analysis

Command:
PYTHONDONTWRITEBYTECODE=1 PYTHONPATH=$PWD /home/asa/devel/libresolid-studio/.venv/bin/python -B -m pytest -q tests/test_generation_dedup.py::GenerationScadDedupTest::test_non_flexible_assembly_instances_share_base_scad_path tests/test_generation_dedup.py::GenerationScadDedupTest::test_alternating_full_identities_follow_current_artifact

Result:
FF                                                                       [100%]

test_non_flexible_assembly_instances_share_base_scad_path
  expected _atomic_write_text call_count: 1
  actual _atomic_write_text call_count:   2

test_alternating_full_identities_follow_current_artifact
  expected _atomic_write_text call_count: 3
  actual _atomic_write_text call_count:   2

2 failed in 0.21s

The first failure reproduces the rigid-gated cache bypass inside an actual
source phase with an actual AssemblyNode subclass (`rigid == False`,
`flexible == False`) and two desired SCAD values at one canonical path and one
source/currency identity. The second proves the set remembers historical A
after B replaced the same path, so a later A is incorrectly called reusable
even though B is the current value.
