 INFO -       node.base - /home/asa/devel/libresolid-studio/projects/Vibecoded-demos/v8-engine/_build/v8_engine/crankshaft/crankshaft-Crankshaft-78fd63879acf.scad generated with 1788716632.8653967!
 INFO -       node.base - /home/asa/devel/libresolid-studio/projects/Vibecoded-demos/v8-engine/_build/v8_engine/cylinders/cylinder_unit-CylinderUnit-bea6949c631b.scad generated with 1788993477.486473!
 INFO -       node.base - /home/asa/devel/libresolid-studio/projects/Vibecoded-demos/v8-engine/_build/v8_engine/cylinders/cylinder_unit-CylinderUnit-bea6949c631b.scad generated with 1788993477.486473!
 INFO -       node.base - /home/asa/devel/libresolid-studio/projects/Vibecoded-demos/v8-engine/_build/v8_engine/cylinders/cylinder_unit-CylinderUnit-bea6949c631b.scad generated with 1788993477.486473!
 INFO -       node.base - /home/asa/devel/libresolid-studio/projects/Vibecoded-demos/v8-engine/_build/v8_engine/cylinders/cylinder_unit-CylinderUnit-bea6949c631b.scad generated with 1788993477.486473!
 INFO -       node.base - /home/asa/devel/libresolid-studio/projects/Vibecoded-demos/v8-engine/_build/v8_engine/cylinders/cylinder_unit-CylinderUnit-bea6949c631b.scad generated with 1788993477.486473!
 INFO -       node.base - /home/asa/devel/libresolid-studio/projects/Vibecoded-demos/v8-engine/_build/v8_engine/cylinders/cylinder_unit-CylinderUnit-bea6949c631b.scad generated with 1788993477.486473!
 INFO -       node.base - /home/asa/devel/libresolid-studio/projects/Vibecoded-demos/v8-engine/_build/v8_engine/cylinders/cylinder_unit-CylinderUnit-bea6949c631b.scad generated with 1788993477.486473!
 INFO -       node.base - /home/asa/devel/libresolid-studio/projects/Vibecoded-demos/v8-engine/_build/v8_engine/cylinders/cylinder_unit-CylinderUnit-bea6949c631b.scad generated with 1788993477.486473!
 INFO -       node.base - /home/asa/devel/libresolid-studio/projects/Vibecoded-demos/v8-engine/_build/v8_engine/cylinders/cylinders-Cylinders-8c330f463eae.scad generated with 1788993477.486473!
 INFO -       node.base - /home/asa/devel/libresolid-studio/projects/Vibecoded-demos/v8-engine/_build/v8_engine/block/block-BlockAssembly,backbone_depth_u=8.0,backbone_width_v=8.0,bear-95ddb7277316.scad generated with 1788716632.8653967!
 INFO -       node.base - /home/asa/devel/libresolid-studio/projects/Vibecoded-demos/v8-engine/_build/v8_engine/valvetrain/valve_spring-ValveSpring,coil_diameter=10.5,installed_length=8.8,path_sam-4f462701ba0c.scad generated with 1788993482.4996326!
 INFO -       node.base - /home/asa/devel/libresolid-studio/projects/Vibecoded-demos/v8-engine/_build/v8_engine/valvetrain/valve_motion-ValveMotion,clearance=0.3,stem_diameter=4.0-e5b5ca5a065a.scad generated with 1788993482.4996326!
 INFO -       node.base - /home/asa/devel/libresolid-studio/projects/Vibecoded-demos/v8-engine/_build/v8_engine/valvetrain/valve_spring-ValveSpring,coil_diameter=10.5,installed_length=8.8,path_sam-4f462701ba0c.scad generated with 1788993482.4996326!
 INFO -       node.base - /home/asa/devel/libresolid-studio/projects/Vibecoded-demos/v8-engine/_build/v8_engine/valvetrain/valve_motion-ValveMotion,clearance=0.3,stem_diameter=4.0-e5b5ca5a065a.scad generated with 1788993482.4996326!
 INFO -       node.base - /home/asa/devel/libresolid-studio/projects/Vibecoded-demos/v8-engine/_build/v8_engine/valvetrain/valve_spring-ValveSpring,coil_diameter=10.5,installed_length=8.8,path_sam-4f462701ba0c.scad generated with 1788993482.4996326!
 INFO -       node.base - /home/asa/devel/libresolid-studio/projects/Vibecoded-demos/v8-engine/_build/v8_engine/valvetrain/valve_motion-ValveMotion,clearance=0.3,stem_diameter=4.0-e5b5ca5a065a.scad generated with 1788993482.4996326!
 INFO -       node.base - /home/asa/devel/libresolid-studio/projects/Vibecoded-demos/v8-engine/_build/v8_engine/valvetrain/valve_spring-ValveSpring,coil_diameter=10.5,installed_length=8.8,path_sam-4f462701ba0c.scad generated with 1788993482.4996326!
 INFO -       node.base - /home/asa/devel/libresolid-studio/projects/Vibecoded-demos/v8-engine/_build/v8_engine/valvetrain/valve_motion-ValveMotion,clearance=0.3,stem_diameter=4.0-e5b5ca5a065a.scad generated with 1788993482.4996326!
 INFO -       node.base - /home/asa/devel/libresolid-studio/projects/Vibecoded-demos/v8-engine/_build/v8_engine/valvetrain/valve_spring-ValveSpring,coil_diameter=10.5,installed_length=8.8,path_sam-4f462701ba0c.scad generated with 1788993482.4996326!
 INFO -       node.base - /home/asa/devel/libresolid-studio/projects/Vibecoded-demos/v8-engine/_build/v8_engine/valvetrain/valve_motion-ValveMotion,clearance=0.3,stem_diameter=4.0-e5b5ca5a065a.scad generated with 1788993482.4996326!
 INFO -       node.base - /home/asa/devel/libresolid-studio/projects/Vibecoded-demos/v8-engine/_build/v8_engine/valvetrain/valve_spring-ValveSpring,coil_diameter=10.5,installed_length=8.8,path_sam-4f462701ba0c.scad generated with 1788993482.4996326!
 INFO -       node.base - /home/asa/devel/libresolid-studio/projects/Vibecoded-demos/v8-engine/_build/v8_engine/valvetrain/valve_motion-ValveMotion,clearance=0.3,stem_diameter=4.0-e5b5ca5a065a.scad generated with 1788993482.4996326!
 INFO -       node.base - /home/asa/devel/libresolid-studio/projects/Vibecoded-demos/v8-engine/_build/v8_engine/valvetrain/valve_spring-ValveSpring,coil_diameter=10.5,installed_length=8.8,path_sam-4f462701ba0c.scad generated with 1788993482.4996326!
 INFO -       node.base - /home/asa/devel/libresolid-studio/projects/Vibecoded-demos/v8-engine/_build/v8_engine/valvetrain/valve_motion-ValveMotion,clearance=0.3,stem_diameter=4.0-e5b5ca5a065a.scad generated with 1788993482.4996326!
 INFO -       node.base - /home/asa/devel/libresolid-studio/projects/Vibecoded-demos/v8-engine/_build/v8_engine/valvetrain/valve_spring-ValveSpring,coil_diameter=10.5,installed_length=8.8,path_sam-4f462701ba0c.scad generated with 1788993482.4996326!
 INFO -       node.base - /home/asa/devel/libresolid-studio/projects/Vibecoded-demos/v8-engine/_build/v8_engine/valvetrain/valve_motion-ValveMotion,clearance=0.3,stem_diameter=4.0-e5b5ca5a065a.scad generated with 1788993482.4996326!
 INFO -       node.base - /home/asa/devel/libresolid-studio/projects/Vibecoded-demos/v8-engine/_build/v8_engine/valvetrain/bank_valvetrain-BankValvetrain,bank=45.0,clearance=0.3,origin_x=-5.2,right=T-a7d2baafc0d7.scad generated with 1788993482.4996326!
 INFO -       node.base - /home/asa/devel/libresolid-studio/projects/Vibecoded-demos/v8-engine/_build/v8_engine/valvetrain/valve_spring-ValveSpring,coil_diameter=10.5,installed_length=8.8,path_sam-4f462701ba0c.scad generated with 1788993482.4996326!
 INFO -       node.base - /home/asa/devel/libresolid-studio/projects/Vibecoded-demos/v8-engine/_build/v8_engine/valvetrain/valve_motion-ValveMotion,clearance=0.3,stem_diameter=4.0-e5b5ca5a065a.scad generated with 1788993482.4996326!
 INFO -       node.base - /home/asa/devel/libresolid-studio/projects/Vibecoded-demos/v8-engine/_build/v8_engine/valvetrain/valve_spring-ValveSpring,coil_diameter=10.5,installed_length=8.8,path_sam-4f462701ba0c.scad generated with 1788993482.4996326!
 INFO -       node.base - /home/asa/devel/libresolid-studio/projects/Vibecoded-demos/v8-engine/_build/v8_engine/valvetrain/valve_motion-ValveMotion,clearance=0.3,stem_diameter=4.0-e5b5ca5a065a.scad generated with 1788993482.4996326!
 INFO -       node.base - /home/asa/devel/libresolid-studio/projects/Vibecoded-demos/v8-engine/_build/v8_engine/valvetrain/valve_spring-ValveSpring,coil_diameter=10.5,installed_length=8.8,path_sam-4f462701ba0c.scad generated with 1788993482.4996326!
 INFO -       node.base - /home/asa/devel/libresolid-studio/projects/Vibecoded-demos/v8-engine/_build/v8_engine/valvetrain/valve_motion-ValveMotion,clearance=0.3,stem_diameter=4.0-e5b5ca5a065a.scad generated with 1788993482.4996326!
 INFO -       node.base - /home/asa/devel/libresolid-studio/projects/Vibecoded-demos/v8-engine/_build/v8_engine/valvetrain/valve_spring-ValveSpring,coil_diameter=10.5,installed_length=8.8,path_sam-4f462701ba0c.scad generated with 1788993482.4996326!
 INFO -       node.base - /home/asa/devel/libresolid-studio/projects/Vibecoded-demos/v8-engine/_build/v8_engine/valvetrain/valve_motion-ValveMotion,clearance=0.3,stem_diameter=4.0-e5b5ca5a065a.scad generated with 1788993482.4996326!
 INFO -       node.base - /home/asa/devel/libresolid-studio/projects/Vibecoded-demos/v8-engine/_build/v8_engine/valvetrain/valve_spring-ValveSpring,coil_diameter=10.5,installed_length=8.8,path_sam-4f462701ba0c.scad generated with 1788993482.4996326!
 INFO -       node.base - /home/asa/devel/libresolid-studio/projects/Vibecoded-demos/v8-engine/_build/v8_engine/valvetrain/valve_motion-ValveMotion,clearance=0.3,stem_diameter=4.0-e5b5ca5a065a.scad generated with 1788993482.4996326!
 INFO -       node.base - /home/asa/devel/libresolid-studio/projects/Vibecoded-demos/v8-engine/_build/v8_engine/valvetrain/valve_spring-ValveSpring,coil_diameter=10.5,installed_length=8.8,path_sam-4f462701ba0c.scad generated with 1788993482.4996326!
 INFO -       node.base - /home/asa/devel/libresolid-studio/projects/Vibecoded-demos/v8-engine/_build/v8_engine/valvetrain/valve_motion-ValveMotion,clearance=0.3,stem_diameter=4.0-e5b5ca5a065a.scad generated with 1788993482.4996326!
 INFO -       node.base - /home/asa/devel/libresolid-studio/projects/Vibecoded-demos/v8-engine/_build/v8_engine/valvetrain/valve_spring-ValveSpring,coil_diameter=10.5,installed_length=8.8,path_sam-4f462701ba0c.scad generated with 1788993482.4996326!
 INFO -       node.base - /home/asa/devel/libresolid-studio/projects/Vibecoded-demos/v8-engine/_build/v8_engine/valvetrain/valve_motion-ValveMotion,clearance=0.3,stem_diameter=4.0-e5b5ca5a065a.scad generated with 1788993482.4996326!
 INFO -       node.base - /home/asa/devel/libresolid-studio/projects/Vibecoded-demos/v8-engine/_build/v8_engine/valvetrain/valve_spring-ValveSpring,coil_diameter=10.5,installed_length=8.8,path_sam-4f462701ba0c.scad generated with 1788993482.4996326!
 INFO -       node.base - /home/asa/devel/libresolid-studio/projects/Vibecoded-demos/v8-engine/_build/v8_engine/valvetrain/valve_motion-ValveMotion,clearance=0.3,stem_diameter=4.0-e5b5ca5a065a.scad generated with 1788993482.4996326!
 INFO -       node.base - /home/asa/devel/libresolid-studio/projects/Vibecoded-demos/v8-engine/_build/v8_engine/valvetrain/bank_valvetrain-BankValvetrain,bank=-45.0,clearance=0.3,origin_x=5.2,right=F-94784761688d.scad generated with 1788993482.4996326!
 INFO -       node.base - /home/asa/devel/libresolid-studio/projects/Vibecoded-demos/v8-engine/_build/v8_engine/valvetrain/valvetrain-Valvetrain,clearance=0.3-e6de6b389088.scad generated with 1788993482.4996326!
 INFO -       node.base - /home/asa/devel/libresolid-studio/projects/Vibecoded-demos/v8-engine/_build/v8_engine/final_drive/timing_drive-TimingDrive,clearance=0.3-1a5df065d087.scad generated with 1788716632.8653967!
 INFO -       node.base - /home/asa/devel/libresolid-studio/projects/Vibecoded-demos/v8-engine/_build/v8_engine/final_drive/hand_crank-HandCrank,clearance=0.3,throw=40.0-02ce41fbf850.scad generated with 1788716632.8653967!
 INFO -       node.base - /home/asa/devel/libresolid-studio/projects/Vibecoded-demos/v8-engine/_build/v8_engine/final_drive/display_stand-DisplayStand,clearance=0.3-c5662978e07e.scad generated with 1788523956.2017002!
 INFO -       node.base - /home/asa/devel/libresolid-studio/projects/Vibecoded-demos/v8-engine/_build/v8_engine/final_drive/final_drive-FinalDrive,clearance=0.3,handle_throw=40.0-b5d256f58438.scad generated with 1788716632.8653967!
 INFO -       node.base - /home/asa/devel/libresolid-studio/projects/Vibecoded-demos/v8-engine/_build/v8_engine/v8_engine-Engine,clearance=0.3,handle_throw=40.0-f43292f03401.scad generated with 1788993482.4996326!
