 INFO -       node.base - /home/asa/devel/libresolid-studio/projects/Robotic-Arms/Thor/_build/simulation/hardware-Stepper,body_length=40.0,boss_diameter=22.0,boss_length=2.0,-faa73d788bcc.scad generated with 1788956230.6065063!
 INFO -       node.base - /home/asa/devel/libresolid-studio/projects/Robotic-Arms/Thor/_build/simulation/base-Base-7b47361aad19.scad generated with 1788956230.6065063!
 INFO -       node.base - /home/asa/devel/libresolid-studio/projects/Robotic-Arms/Thor/_build/simulation/hardware-GearedStepper,barrel_diameter=36.0,barrel_length=20.3,body_l-ca22b6b775fc.scad generated with 1788956230.6065063!
 INFO -       node.base - /home/asa/devel/libresolid-studio/projects/Robotic-Arms/Thor/_build/simulation/hardware-GearedStepper,barrel_diameter=36.0,barrel_length=20.3,body_l-ca22b6b775fc.scad generated with 1788956230.6065063!
 INFO -       node.base - /home/asa/devel/libresolid-studio/projects/Robotic-Arms/Thor/_build/simulation/hardware-GearedStepper,barrel_diameter=36.0,barrel_length=20.3,body_l-ca22b6b775fc.scad generated with 1788956230.6065063!
 INFO -       node.base - /home/asa/devel/libresolid-studio/projects/Robotic-Arms/Thor/_build/simulation/flexibles-ElbowBelt-3d73d875fbab.scad generated with 1788956230.6055064!
 INFO -       node.base - /home/asa/devel/libresolid-studio/projects/Robotic-Arms/Thor/_build/simulation/hardware-Stepper,body_length=34.0,boss_diameter=22.0,boss_length=2.0,-c805ef597e40.scad generated with 1788956230.6065063!
 INFO -       node.base - /home/asa/devel/libresolid-studio/projects/Robotic-Arms/Thor/_build/simulation/hardware-BearingBalls,count=36,diameter=6.0,pitch_radius=35.0-ddfc10d0ffaa.scad generated with 1788956230.6065063!
 INFO -       node.base - /home/asa/devel/libresolid-studio/projects/Robotic-Arms/Thor/_build/simulation/hardware-Stepper,body_length=34.0,boss_diameter=22.0,boss_length=2.0,-c805ef597e40.scad generated with 1788956230.6065063!
 INFO -       node.base - /home/asa/devel/libresolid-studio/projects/Robotic-Arms/Thor/_build/simulation/hardware-Stepper,body_length=34.0,boss_diameter=22.0,boss_length=2.0,-c805ef597e40.scad generated with 1788956230.6065063!
 INFO -       node.base - /home/asa/devel/libresolid-studio/projects/Robotic-Arms/Thor/_build/simulation/flexibles-WristBelt-ce39113bd5c7.scad generated with 1788956230.6055064!
 INFO -       node.base - /home/asa/devel/libresolid-studio/projects/Robotic-Arms/Thor/_build/simulation/flexibles-WristBelt-ce39113bd5c7.scad generated with 1788956230.6055064!
 INFO -       node.base - /home/asa/devel/libresolid-studio/projects/Robotic-Arms/Thor/_build/simulation/gripper-Gripper-0633e54683e7.scad generated with 1788956230.6065063!
 INFO -       node.base - /home/asa/devel/libresolid-studio/projects/Robotic-Arms/Thor/_build/simulation/art56-WristOutput-108e641361cb.scad generated with 1788956230.6065063!
 INFO -       node.base - /home/asa/devel/libresolid-studio/projects/Robotic-Arms/Thor/_build/simulation/art56-Art56-523a65c2b515.scad generated with 1788956230.6065063!
 INFO -       node.base - /home/asa/devel/libresolid-studio/projects/Robotic-Arms/Thor/_build/simulation/art4-Art4-eebf1a7b92c1.scad generated with 1788956230.6065063!
 INFO -       node.base - /home/asa/devel/libresolid-studio/projects/Robotic-Arms/Thor/_build/simulation/art3-Art3-3b954387997a.scad generated with 1788956230.6065063!
 INFO -       node.base - /home/asa/devel/libresolid-studio/projects/Robotic-Arms/Thor/_build/simulation/art2-Art2-f2735f076e53.scad generated with 1788956230.6065063!
 INFO -       node.base - /home/asa/devel/libresolid-studio/projects/Robotic-Arms/Thor/_build/simulation/art1-Art1-84a089161e85.scad generated with 1788956230.6065063!
 INFO -       node.base - /home/asa/devel/libresolid-studio/projects/Robotic-Arms/Thor/_build/simulation/thor-Thor-2d7e4757dca1.scad generated with 1788956230.6095064!
